{
  "source/core/coverage/ut_coverage.pkb": [
    154
  ],
  "source/core/types/ut_output_reporter_base.tpb": [
    19
  ],
  "source/core/types/ut_reporter_base.tpb": [
    42,
    48,
    53,
    57,
    62,
    66,
    72,
    77,
    81,
    86,
    90,
    95,
    99,
    104,
    110,
    114,
    119,
    123,
    128,
    134
  ],
  "source/expectations/data_values/ut_compound_data_value.tpb": [
    197
  ],
  "source/expectations/data_values/ut_data_value.tpb": [
    33,
    33,
    33,
    33,
    33
  ],
  "source/expectations/data_values/ut_data_value_refcursor.tpb": [
    19
  ],
  "source/expectations/matchers/ut_be_between.tpb": [
    26,
    32,
    38,
    44,
    50,
    56,
    63,
    70
  ],
  "source/expectations/matchers/ut_be_empty.tpb": [
    24
  ],
  "source/expectations/matchers/ut_be_greater_or_equal.tpb": [
    25,
    31,
    37,
    43,
    49,
    55,
    61
  ],
  "source/expectations/matchers/ut_be_greater_than.tpb": [
    25,
    31,
    37,
    43,
    49,
    55,
    61
  ],
  "source/expectations/matchers/ut_be_less_or_equal.tpb": [
    25,
    31,
    37,
    43,
    49,
    55,
    61
  ],
  "source/expectations/matchers/ut_be_less_than.tpb": [
    25,
    31,
    37,
    44,
    51,
    58,
    65
  ],
  "source/expectations/matchers/ut_equal.tpb": [
    35,
    41,
    53,
    64,
    70,
    76,
    82,
    88,
    94,
    100,
    111,
    122,
    128,
    134,
    140,
    146,
    152
  ]
}